// Jest Snapshot v1, https://goo.gl/fbAQLP

exports[`renders the component 1`] = `ShallowWrapper {}`;

exports[`renders the sign up component 1`] = `ShallowWrapper {}`;

exports[`renders the sign up wrapper 1`] = `ShallowWrapper {}`;
